// Jest Snapshot v1, https://goo.gl/fbAQLP

exports[`renders a chart 1`] = `
"[36m<div>[39m
  [36m<div[39m
    [33m[39m
    [33mstyle[39m=[32m\\"position: relative; display: inline-block;\\"[39m
  [36m>[39m
    [36m<div[39m
      [33m[39m
    [36m>[39m
      [36m<div[39m
        [33m[39m
        [33mstyle[39m=[32m\\"position: relative; width: 700px; height: 450px;\\"[39m
      [36m>[39m
        [36m<svg[39m
          [33m[39m
          [33mheight[39m=[32m\\"450\\"[39m
          [33mstyle[39m=[32m\\"background: rgb(255, 255, 255);\\"[39m
          [33mw[39m
          [33mxmlns[39m=[32m\\"http://www.w3.org/2000/svg\\"[39m
          [33mxmlns:xlink[39m=[32m\\"http://www.w3.org/1999/xlink\\"[39m
        [36m>[39m
          [36m<defs[39m
            [33m[39m
          [36m>[39m
            [36m<g[39m
              [33m[39m
            [36m>[39m
              [36m<clippath[39m
                [33m[39m
                [33m[39m
              [36m>[39m
                [36m<rect[39m
                  [33mheight[39m=[32m\\"338\\"[39m
                  [33mw[39m
                [36m/>[39m
              [36m</clippath>[39m
              [36m<clippath[39m
                [33m[39m
                [33m[39m
              [36m>[39m
                [36m<rect[39m
                  [33mheight[39m=[32m\\"450\\"[39m
                  [33mw[39m
                  [33mx[39m=[32m\\"32\\"[39m
                  [33my[39m=[32m\\"0\\"[39m
                [36m/>[39m
              [36m</clippath>[39m
              [36m<clippath[39m
                [33m[39m
                [33m[39m
              [36m>[39m
                [36m<rect[39m
                  [33mheight[39m=[32m\\"338\\"[39m
                  [33mw[39m
                  [33mx[39m=[32m\\"0\\"[39m
                  [33my[39m=[32m\\"64\\"[39m
                [36m/>[39m
              [36m</clippath>[39m
              [36m<clippath[39m
                [33m[39m
                [33m[39m
              [36m>[39m
                [36m<rect[39m
                  [33mheight[39m=[32m\\"338\\"[39m
                  [33mw[39m
                  [33mx[39m=[32m\\"32\\"[39m
                  [33my[39m=[32m\\"64\\"[39m
                [36m/>[39m
              [36m</clippath>[39m
            [36m</g>[39m
            [36m<g[39m
              [33m[39m
            [36m/>[39m
            [36m<g[39m
              [33m[39m
            [36m/>[39m
          [36m</defs>[39m
          [36m<g[39m
            [33m[39m
          [36m/>[39m
          [36m<g[39m
            [33m[39m
          [36m>[39m
            [36m<g[39m
              [33m[39m
            [36m>[39m
              [36m<rect[39m
                [33m[39m
                [33mdata-subplot[39m=[32m\\"xy\\"[39m
                [33mheight[39m=[32m\\"338\\"[39m
                [33mstyle[39m=[32m\\"fill: transparent; stroke-width: 0; pointer-events: all;\\"[39m
                [33mw[39m
                [33mx[39m=[32m\\"32\\"[39m
                [33my[39m=[32m\\"64\\"[39m
              [36m/>[39m
              [36m<rect[39m
                [33m[39m
                [33mdata-subplot[39m=[32m\\"xy\\"[39m
                [33mheight[39m=[32m\\"20\\"[39m
                [33mstyle[39m=[32m\\"fill: transparent; stroke-width: 0; pointer-events: all;\\"[39m
                [33mw[39m
                [33mx[39m=[32m\\"12\\"[39m
                [33my[39m=[32m\\"44\\"[39m
              [36m/>[39m
              [36m<rect[39m
                [33m[39m
                [33mdata-subplot[39m=[32m\\"xy\\"[39m
                [33mheight[39m=[32m\\"20\\"[39m
                [33mstyle[39m=[32m\\"fill: transparent; stroke-width: 0; pointer-events: all;\\"[39m
                [33mw[39m
                [33mx[39m=[32m\\"684\\"[39m
                [33my[39m=[32m\\"44\\"[39m
              [36m/>[39m
              [36m<rect[39m
                [33m[39m
                [33mdata-subplot[39m=[32m\\"xy\\"[39m
                [33mheight[39m=[32m\\"20\\"[39m
                [33mstyle[39m=[32m\\"fill: transparent; stroke-width: 0; pointer-events: all;\\"[39m
                [33mw[39m
                [33mx[39m=[32m\\"12\\"[39m
                [33my[39m=[32m\\"402\\"[39m
              [36m/>[39m
              [36m<rect[39m
                [33m[39m
                [33mdata-subplot[39m=[32m\\"xy\\"[39m
                [33mheight[39m=[32m\\"20\\"[39m
                [33mstyle[39m=[32m\\"fill: transparent; stroke-width: 0; pointer-events: all;\\"[39m
                [33mw[39m
                [33mx[39m=[32m\\"684\\"[39m
                [33my[39m=[32m\\"402\\"[39m
              [36m/>[39m
              [36m<rect[39m
                [33m[39m
                [33mdata-subplot[39m=[32m\\"xy\\"[39m
                [33mheight[39m=[32m\\"20\\"[39m
                [33mstyle[39m=[32m\\"fill: transparent; stroke-width: 0; pointer-events: all;\\"[39m
                [33mw[39m
                [33mx[39m=[32m\\"97.2\\"[39m
                [33my[39m=[32m\\"402.5\\"[39m
              [36m/>[39m
              [36m<rect[39m
                [33m[39m
                [33mdata-subplot[39m=[32m\\"xy\\"[39m
                [33mheight[39m=[32m\\"20\\"[39m
                [33mstyle[39m=[32m\\"fill: transparent; stroke-width: 0; pointer-events: all;\\"[39m
                [33mw[39m
                [33mx[39m=[32m\\"32\\"[39m
                [33my[39m=[32m\\"402.5\\"[39m
              [36m/>[39m
              [36m<rect[39m
                [33m[39m
                [33mdata-subplot[39m=[32m\\"xy\\"[39m
                [33mheight[39m=[32m\\"20\\"[39m
                [33mstyle[39m=[32m\\"fill: transparent; stroke-width: 0; pointer-events: all;\\"[39m
                [33mw[39m
                [33mx[39m=[32m\\"618.8000000000001\\"[39m
                [33my[39m=[32m\\"402.5\\"[39m
              [36m/>[39m
              [36m<rect[39m
                [33m[39m
                [33mdata-subplot[39m=[32m\\"xy\\"[39m
                [33mheight[39m=[32m\\"270.40000000000003\\"[39m
                [33mstyle[39m=[32m\\"fill: transparent; stroke-width: 0; pointer-events: all;\\"[39m
                [33mw[39m
                [33mx[39m=[32m\\"11.5\\"[39m
                [33my[39m=[32m\\"97.80000000000001\\"[39m
              [36m/>[39m
              [36m<rect[39m
                [33m[39m
                [33mdata-subplot[39m=[32m\\"xy\\"[39m
                [33mheight[39m=[32m\\"33.800000000000004\\"[39m
                [33mstyle[39m=[32m\\"fill: transparent; stroke-width: 0; pointer-events: all;\\"[39m
                [33mw[39m
                [33mx[39m=[32m\\"11.5\\"[39m
                [33my[39m=[32m\\"368.2\\"[39m
              [36m/>[39m
              [36m<rect[39m
                [33m[39m
                [33mdata-subplot[39m=[32m\\"xy\\"[39m
                [33mheight[39m=[32m\\"33.800000000000004\\"[39m
                [33mstyle[39m=[32m\\"fill: transparent; stroke-width: 0; pointer-events: all;\\"[39m
                [33mw[39m
                [33mx[39m=[32m\\"11.5\\"[39m
                [33my[39m=[32m\\"64\\"[39m
              [36m/>[39m
            [36m</g>[39m
          [36m</g>[39m
          [36m<g[39m
            [33m[39m
          [36m>[39m
            [36m<g[39m
              [33m[39m
            [36m/>[39m
            [36m<g[39m
              [33m[39m
            [36m/>[39m
          [36m</g>[39m
          [36m<g[39m
            [33m[39m
          [36m>[39m
            [36m<g[39m
              [33m[39m
            [36m>[39m
              [36m<g[39m
                [33m[39m
              [36m>[39m
                [36m<g[39m
                  [33m[39m
                [36m/>[39m
                [36m<g[39m
                  [33m[39m
                [36m/>[39m
              [36m</g>[39m
              [36m<g[39m
                [33m[39m
              [36m>[39m
                [36m<g[39m
                  [33m[39m
                [36m>[39m
                  [36m<path[39m
                    [33m[39m
                    [33md[39m=[32m\\"M0,64v338\\"[39m
                    [33mstyle[39m=[32m\\"stroke: rgb(238, 238, 238); stroke-opacity: 1; stroke-width: 1px;\\"[39m
                    [33mtransform[39m=[32m\\"translate(203.58,0)\\"[39m
                  [36m/>[39m
                  [36m<path[39m
                    [33m[39m
                    [33md[39m=[32m\\"M0,64v338\\"[39m
                    [33mstyle[39m=[32m\\"stroke: rgb(238, 238, 238); stroke-opacity: 1; stroke-width: 1px;\\"[39m
                    [33mtransform[39m=[32m\\"translate(375.16,0)\\"[39m
                  [36m/>[39m
                  [36m<path[39m
                    [33m[39m
                    [33md[39m=[32m\\"M0,64v338\\"[39m
                    [33mstyle[39m=[32m\\"stroke: rgb(238, 238, 238); stroke-opacity: 1; stroke-width: 1px;\\"[39m
                    [33mtransform[39m=[32m\\"translate(546.74,0)\\"[39m
                  [36m/>[39m
                [36m</g>[39m
                [36m<g[39m
                  [33m[39m
                [36m>[39m
                  [36m<path[39m
                    [33m[39m
                    [33md[39m=[32m\\"M32,0h652\\"[39m
                    [33mstyle[39m=[32m\\"stroke: rgb(238, 238, 238); stroke-opacity: 1; stroke-width: 1px;\\"[39m
                    [33mtransform[39m=[32m\\"translate(0,305.05)\\"[39m
                  [36m/>[39m
                  [36m<path[39m
                    [33m[39m
                    [33md[39m=[32m\\"M32,0h652\\"[39m
                    [33mstyle[39m=[32m\\"stroke: rgb(238, 238, 238); stroke-opacity: 1; stroke-width: 1px;\\"[39m
                    [33mtransform[39m=[32m\\"translate(0,224.99)\\"[39m
                  [36m/>[39m
                  [36m<path[39m
                    [33m[39m
                    [33md[39m=[32m\\"M32,0h652\\"[39m
                    [33mstyle[39m=[32m\\"stroke: rgb(238, 238, 238); stroke-opacity: 1; stroke-width: 1px;\\"[39m
                    [33mtransform[39m=[32m\\"translate(0,144.94)\\"[39m
                  [36m/>[39m
                [36m</g>[39m
              [36m</g>[39m
              [36m<g[39m
                [33m[39m
              [36m>[39m
                [36m<path[39m
                  [33m[39m
                  [33md[39m=[32m\\"M0,64v338\\"[39m
                  [33mstyle[39m=[32m\\"stroke: rgb(68, 68, 68); stroke-opacity: 1; stroke-width: 1px;\\"[39m
                  [33mtransform[39m=[32m\\"translate(32,0)\\"[39m
                [36m/>[39m
                [36m<path[39m
                  [33m[39m
                  [33md[39m=[32m\\"M32,0h652\\"[39m
                  [33mstyle[39m=[32m\\"stroke: rgb(68, 68, 68); stroke-opacity: 1; stroke-width: 1px;\\"[39m
                  [33mtransform[39m=[32m\\"translate(0,385.1)\\"[39m
                [36m/>[39m
              [36m</g>[39m
              [36m<path[39m
                [33m[39m
              [36m/>[39m
              [36m<path[39m
                [33m[39m
              [36m/>[39m
              [36m<g[39m
                [33m[39m
              [36m/>[39m
              [36m<g[39m
                [33m[39m
              [36m/>[39m
              [36m<g[39m
                [33m[39m
              [36m/>[39m
              [36m<g[39m
                [33m[39m
              [36m/>[39m
              [36m<g[39m
                [33m[39m
                [33mclip-path[39m=[32m\\"\\"[39m
                [33mtransform[39m=[32m\\"translate(32,64)\\"[39m
              [36m>[39m
                [36m<g[39m
                  [33m[39m
                [36m>[39m
                  [36m<g[39m
                    [33m[39m
                    [33mstyle[39m=[32m\\"stroke-miterlimit: 2; opacity: 1;\\"[39m
                  [36m>[39m
                    [36m<g[39m
                      [33m[39m
                    [36m/>[39m
                    [36m<g[39m
                      [33m[39m
                    [36m/>[39m
                    [36m<g[39m
                      [33m[39m
                    [36m>[39m
                      [36m<path[39m
                        [33m[39m
                        [33md[39m=[32m\\"M0,321.1L652,16.9\\"[39m
                        [33mstyle[39m=[32m\\"vector-effect: non-scaling-stroke; fill: none; stroke: rgb(31, 120, 180); stroke-opacity: 0.5333333333333333; stroke-width: 2px; opacity: 1;\\"[39m
                      [36m/>[39m
                    [36m</g>[39m
                    [36m<g[39m
                      [33m[39m
                    [36m/>[39m
                    [36m<g[39m
                      [33m[39m
                    [36m/>[39m
                  [36m</g>[39m
                  [36m<g[39m
                    [33m[39m
                    [33mstyle[39m=[32m\\"stroke-miterlimit: 2; opacity: 1;\\"[39m
                  [36m>[39m
                    [36m<g[39m
                      [33m[39m
                    [36m/>[39m
                    [36m<g[39m
                      [33m[39m
                    [36m/>[39m
                    [36m<g[39m
                      [33m[39m
                    [36m>[39m
                      [36m<path[39m
                        [33m[39m
                        [33md[39m=[32m\\"M0,321.1L652,16.9\\"[39m
                        [33mstyle[39m=[32m\\"vector-effect: non-scaling-stroke; fill: none; stroke: rgb(255, 127, 0); stroke-opacity: 0.5333333333333333; stroke-width: 2px; opacity: 1;\\"[39m
                      [36m/>[39m
                    [36m</g>[39m
                    [36m<g[39m
                      [33m[39m
                    [36m/>[39m
                    [36m<g[39m
                      [33m[39m
                    [36m/>[39m
                  [36m</g>[39m
                [36m</g>[39m
              [36m</g>[39m
              [36m<g[39m
                [33m[39m
              [36m/>[39m
              [36m<path[39m
                [33m[39m
                [33md[39m=[32m\\"M0,0\\"[39m
                [33mstyle[39m=[32m\\"fill: none;\\"[39m
              [36m/>[39m
              [36m<path[39m
                [33m[39m
                [33md[39m=[32m\\"M0,0\\"[39m
                [33mstyle[39m=[32m\\"fill: none;\\"[39m
              [36m/>[39m
              [36m<g[39m
                [33m[39m
              [36m/>[39m
              [36m<g[39m
                [33m[39m
              [36m>[39m
                [36m<g[39m
                  [33m[39m
                [36m>[39m
                  [36m<text[39m
                    [33mdata-math[39m=[32m\\"N\\"[39m
                    [33mdata-unformatted[39m=[32m\\"0\\"[39m
                    [33mstyle[39m=[32m\\"font-family: \\\\\\"Open Sans\\\\\\", verdana, arial, sans-serif; font-size: 12px; fill: rgb(68, 68, 68); fill-opacity: 1; white-space: pre; opacity: 1;\\"[39m
                    [33mtext-anchor[39m=[32m\\"middle\\"[39m
                    [33mtransform[39m=[32m\\"translate(32,0)\\"[39m
                    [33mx[39m=[32m\\"0\\"[39m
                    [33my[39m=[32m\\"415\\"[39m
                  [36m>[39m
                    [0m0[0m
                  [36m</text>[39m
                [36m</g>[39m
                [36m<g[39m
                  [33m[39m
                [36m>[39m
                  [36m<text[39m
                    [33mdata-math[39m=[32m\\"N\\"[39m
                    [33mdata-unformatted[39m=[32m\\"5\\"[39m
                    [33mstyle[39m=[32m\\"font-family: \\\\\\"Open Sans\\\\\\", verdana, arial, sans-serif; font-size: 12px; fill: rgb(68, 68, 68); fill-opacity: 1; white-space: pre; opacity: 1;\\"[39m
                    [33mtext-anchor[39m=[32m\\"middle\\"[39m
                    [33mtransform[39m=[32m\\"translate(203.58,0)\\"[39m
                    [33mx[39m=[32m\\"0\\"[39m
                    [33my[39m=[32m\\"415\\"[39m
                  [36m>[39m
                    [0m5[0m
                  [36m</text>[39m
                [36m</g>[39m
                [36m<g[39m
                  [33m[39m
                [36m>[39m
                  [36m<text[39m
                    [33mdata-math[39m=[32m\\"N\\"[39m
                    [33mdata-unformatted[39m=[32m\\"10\\"[39m
                    [33mstyle[39m=[32m\\"font-family: \\\\\\"Open Sans\\\\\\", verdana, arial, sans-serif; font-size: 12px; fill: rgb(68, 68, 68); fill-opacity: 1; white-space: pre; opacity: 1;\\"[39m
                    [33mtext-anchor[39m=[32m\\"middle\\"[39m
                    [33mtransform[39m=[32m\\"translate(375.16,0)\\"[39m
                    [33mx[39m=[32m\\"0\\"[39m
                    [33my[39m=[32m\\"415\\"[39m
                  [36m>[39m
                    [0m10[0m
                  [36m</text>[39m
                [36m</g>[39m
                [36m<g[39m
                  [33m[39m
                [36m>[39m
                  [36m<text[39m
                    [33mdata-math[39m=[32m\\"N\\"[39m
                    [33mdata-unformatted[39m=[32m\\"15\\"[39m
                    [33mstyle[39m=[32m\\"font-family: \\\\\\"Open Sans\\\\\\", verdana, arial, sans-serif; font-size: 12px; fill: rgb(68, 68, 68); fill-opacity: 1; white-space: pre; opacity: 1;\\"[39m
                    [33mtext-anchor[39m=[32m\\"middle\\"[39m
                    [33mtransform[39m=[32m\\"translate(546.74,0)\\"[39m
                    [33mx[39m=[32m\\"0\\"[39m
                    [33my[39m=[32m\\"415\\"[39m
                  [36m>[39m
                    [0m15[0m
                  [36m</text>[39m
                [36m</g>[39m
              [36m</g>[39m
              [36m<g[39m
                [33m[39m
              [36m>[39m
                [36m<g[39m
                  [33m[39m
                [36m>[39m
                  [36m<text[39m
                    [33mdata-math[39m=[32m\\"N\\"[39m
                    [33mdata-unformatted[39m=[32m\\"0\\"[39m
                    [33mstyle[39m=[32m\\"font-family: \\\\\\"Open Sans\\\\\\", verdana, arial, sans-serif; font-size: 12px; fill: rgb(68, 68, 68); fill-opacity: 1; white-space: pre; opacity: 1;\\"[39m
                    [33mtext-anchor[39m=[32m\\"end\\"[39m
                    [33mtransform[39m=[32m\\"translate(0,385.1)\\"[39m
                    [33mx[39m=[32m\\"31\\"[39m
                    [33my[39m=[32m\\"4.199999999999999\\"[39m
                  [36m>[39m
                    [0m0[0m
                  [36m</text>[39m
                [36m</g>[39m
                [36m<g[39m
                  [33m[39m
                [36m>[39m
                  [36m<text[39m
                    [33mdata-math[39m=[32m\\"N\\"[39m
                    [33mdata-unformatted[39m=[32m\\"5\\"[39m
                    [33mstyle[39m=[32m\\"font-family: \\\\\\"Open Sans\\\\\\", verdana, arial, sans-serif; font-size: 12px; fill: rgb(68, 68, 68); fill-opacity: 1; white-space: pre; opacity: 1;\\"[39m
                    [33mtext-anchor[39m=[32m\\"end\\"[39m
                    [33mtransform[39m=[32m\\"translate(0,305.05)\\"[39m
                    [33mx[39m=[32m\\"31\\"[39m
                    [33my[39m=[32m\\"4.199999999999999\\"[39m
                  [36m>[39m
                    [0m5[0m
                  [36m</text>[39m
                [36m</g>[39m
                [36m<g[39m
                  [33m[39m
                [36m>[39m
                  [36m<text[39m
                    [33mdata-math[39m=[32m\\"N\\"[39m
                    [33mdata-unformatted[39m=[32m\\"10\\"[39m
                    [33mstyle[39m=[32m\\"font-family: \\\\\\"Open Sans\\\\\\", verdana, arial, sans-serif; font-size: 12px; fill: rgb(68, 68, 68); fill-opacity: 1; white-space: pre; opacity: 1;\\"[39m
                    [33mtext-anchor[39m=[32m\\"end\\"[39m
                    [33mtransform[39m=[32m\\"translate(0,224.99)\\"[39m
                    [33mx[39m=[32m\\"31\\"[39m
                    [33my[39m=[32m\\"4.199999999999999\\"[39m
                  [36m>[39m
                    [0m10[0m
                  [36m</text>[39m
                [36m</g>[39m
                [36m<g[39m
                  [33m[39m
                [36m>[39m
                  [36m<text[39m
                    [33mdata-math[39m=[32m\\"N\\"[39m
                    [33mdata-unformatted[39m=[32m\\"15\\"[39m
                    [33mstyle[39m=[32m\\"font-family: \\\\\\"Open Sans\\\\\\", verdana, arial, sans-serif; font-size: 12px; fill: rgb(68, 68, 68); fill-opacity: 1; white-space: pre; opacity: 1;\\"[39m
                    [33mtext-anchor[39m=[32m\\"end\\"[39m
                    [33mtransform[39m=[32m\\"translate(0,144.94)\\"[39m
                    [33mx[39m=[32m\\"31\\"[39m
                    [33my[39m=[32m\\"4.199999999999999\\"[39m
                  [36m>[39m
                    [0m15[0m
                  [36m</text>[39m
                [36m</g>[39m
                [36m<g[39m
                  [33m[39m
                [36m>[39m
                  [36m<text[39m
                    [33mdata-math[39m=[32m\\"N\\"[39m
                    [33mdata-unformatted[39m=[32m\\"20\\"[39m
                    [33mstyle[39m=[32m\\"font-family: \\\\\\"Open Sans\\\\\\", verdana, arial, sans-serif; font-size: 12px; fill: rgb(68, 68, 68); fill-opacity: 1; white-space: pre; opacity: 1;\\"[39m
                    [33mtext-anchor[39m=[32m\\"end\\"[39m
                    [33mtransform[39m=[32m\\"translate(0,64.89)\\"[39m
                    [33mx[39m=[32m\\"31\\"[39m
                    [33my[39m=[32m\\"4.199999999999999\\"[39m
                  [36m>[39m
                    [0m20[0m
                  [36m</text>[39m
                [36m</g>[39m
              [36m</g>[39m
              [36m<g[39m
                [33m[39m
              [36m/>[39m
            [36m</g>[39m
          [36m</g>[39m
          [36m<g[39m
            [33m[39m
          [36m/>[39m
          [36m<g[39m
            [33m[39m
          [36m/>[39m
          [36m<g[39m
            [33m[39m
          [36m/>[39m
          [36m<g[39m
            [33m[39m
          [36m/>[39m
          [36m<g[39m
            [33m[39m
          [36m/>[39m
          [36m<g[39m
            [33m[39m
          [36m/>[39m
          [36m<g[39m
            [33m[39m
          [36m/>[39m
          [36m<g[39m
            [33m[39m
          [36m/>[39m
          [36m<g[39m
            [33m[39m
          [36m/>[39m
          [36m<g[39m
            [33m[39m
          [36m/>[39m
        [36m</svg>[39m
        [36m<div[39m
          [33m[39m
        [36m/>[39m
        [36m<svg[39m
          [33m[39m
          [33mheight[39m=[32m\\"450\\"[39m
          [33mw[39m
          [33mxmlns[39m=[32m\\"http://www.w3.org/2000/svg\\"[39m
          [33mxmlns:xlink[39m=[32m\\"http://www.w3.org/1999/xlink\\"[39m
        [36m>[39m
          [36m<defs[39m
            [33m[39m
          [36m>[39m
            [36m<g[39m
              [33m[39m
            [36m/>[39m
          [36m</defs>[39m
          [36m<g[39m
            [33m[39m
          [36m/>[39m
          [36m<g[39m
            [33m[39m
          [36m>[39m
            [36m<g[39m
              [33m[39m
            [36m/>[39m
            [36m<g[39m
              [33m[39m
            [36m/>[39m
          [36m</g>[39m
          [36m<g[39m
            [33m[39m
          [36m>[39m
            [36m<g[39m
              [33m[39m
            [36m>[39m
              [36m<text[39m
                [33m[39m
                [33mdata-math[39m=[32m\\"N\\"[39m
                [33mdata-unformatted[39m=[32m\\"Test Plot 2\\"[39m
                [33mdy[39m=[32m\\"0em\\"[39m
                [33mstyle[39m=[32m\\"font-family: \\\\\\"Open Sans\\\\\\", verdana, arial, sans-serif; font-size: 17px; fill: rgb(68, 68, 68); opacity: 1; font-weight: normal; white-space: pre;\\"[39m
                [33mtext-anchor[39m=[32m\\"middle\\"[39m
                [33mx[39m=[32m\\"350\\"[39m
                [33my[39m=[32m\\"32\\"[39m
              [36m>[39m
                [0mTest Plot 2[0m
              [36m</text>[39m
            [36m</g>[39m
            [36m<g[39m
              [33m[39m
            [36m/>[39m
            [36m<g[39m
              [33m[39m
            [36m/>[39m
          [36m</g>[39m
          [36m<g[39m
            [33m[39m
          [36m/>[39m
          [36m<g[39m
            [33m[39m
          [36m/>[39m
        [36m</svg>[39m
        [36m<div[39m
          [33m[39m
          [33mstyle[39m=[32m\\"position: absolute; top: 0px; right: 0px; width: 100%;\\"[39m
        [36m>[39m
          [36m<div[39m
            [33m[39m
            [33m[39m
          [36m>[39m
            [36m<div[39m
              [33m[39m
            [36m>[39m
              [36m<a[39m
                [33m[39m
                [33mdata-gravity[39m=[32m\\"n\\"[39m
                [33mdata-title[39m=[32m\\"Download plot as a png\\"[39m
                [33mdata-toggle[39m=[32m\\"false\\"[39m
                [33mrel[39m=[32m\\"tooltip\\"[39m
              [36m>[39m
                [36m<svg[39m
                  [33m[39m
                  [33mheight[39m=[32m\\"1em\\"[39m
                  [33mviewBox[39m=[32m\\"0 0 1000 1000\\"[39m
                  [33mw[39m
                [36m>[39m
                  [36m<path[39m
                    [33md[39m=[32m\\"m500 450c-83 0-150-67-150-150 0-83 67-150 150-150 83 0 150 67 150 150 0 83-67 150-150 150z m400 150h-120c-16 0-34 13-39 29l-31 93c-6 15-23 28-40 28h-340c-16 0-34-13-39-28l-31-94c-6-15-23-28-40-28h-120c-55 0-100-45-100-100v-450c0-55 45-100 100-100h800c55 0 100 45 100 100v450c0 55-45 100-100 100z m-400-550c-138 0-250 112-250 250 0 138 112 250 250 250 138 0 250-112 250-250 0-138-112-250-250-250z m365 380c-19 0-35 16-35 35 0 19 16 35 35 35 19 0 35-16 35-35 0-19-16-35-35-35z\\"[39m
                    [33mtransform[39m=[32m\\"matrix(1 0 0 -1 0 850)\\"[39m
                  [36m/>[39m
                [36m</svg>[39m
              [36m</a>[39m
            [36m</div>[39m
            [36m<div[39m
              [33m[39m
            [36m>[39m
              [36m<a[39m
                [33m[39m
                [33mdata-attr[39m=[32m\\"dragmode\\"[39m
                [33mdata-gravity[39m=[32m\\"n\\"[39m
                [33mdata-title[39m=[32m\\"Zoom\\"[39m
                [33mdata-toggle[39m=[32m\\"false\\"[39m
                [33mdata-val[39m=[32m\\"zoom\\"[39m
                [33mrel[39m=[32m\\"tooltip\\"[39m
              [36m>[39m
                [36m<svg[39m
                  [33m[39m
                  [33mheight[39m=[32m\\"1em\\"[39m
                  [33mviewBox[39m=[32m\\"0 0 1000 1000\\"[39m
                  [33mw[39m
                [36m>[39m
                  [36m<path[39m
                    [33md[39m=[32m\\"m1000-25l-250 251c40 63 63 138 63 218 0 224-182 406-407 406-224 0-406-182-406-406s183-406 407-406c80 0 155 22 218 62l250-250 125 125z m-812 250l0 438 437 0 0-438-437 0z m62 375l313 0 0-312-313 0 0 312z\\"[39m
                    [33mtransform[39m=[32m\\"matrix(1 0 0 -1 0 850)\\"[39m
                  [36m/>[39m
                [36m</svg>[39m
              [36m</a>[39m
              [36m<a[39m
                [33m[39m
                [33mdata-attr[39m=[32m\\"dragmode\\"[39m
                [33mdata-gravity[39m=[32m\\"n\\"[39m
                [33mdata-title[39m=[32m\\"Pan\\"[39m
                [33mdata-toggle[39m=[32m\\"false\\"[39m
                [33mdata-val[39m=[32m\\"pan\\"[39m
                [33mrel[39m=[32m\\"tooltip\\"[39m
              [36m>[39m
                [36m<svg[39m
                  [33m[39m
                  [33mheight[39m=[32m\\"1em\\"[39m
                  [33mviewBox[39m=[32m\\"0 0 1000 1000\\"[39m
                  [33mw[39m
                [36m>[39m
                  [36m<path[39m
                    [33md[39m=[32m\\"m1000 350l-187 188 0-125-250 0 0 250 125 0-188 187-187-187 125 0 0-250-250 0 0 125-188-188 186-187 0 125 252 0 0-250-125 0 187-188 188 188-125 0 0 250 250 0 0-126 187 188z\\"[39m
                    [33mtransform[39m=[32m\\"matrix(1 0 0 -1 0 850)\\"[39m
                  [36m/>[39m
                [36m</svg>[39m
              [36m</a>[39m
            [36m</div>[39m
            [36m<div[39m
              [33m[39m
            [36m>[39m
              [36m<a[39m
                [33m[39m
                [33mdata-attr[39m=[32m\\"zoom\\"[39m
                [33mdata-gravity[39m=[32m\\"n\\"[39m
                [33mdata-title[39m=[32m\\"Zoom in\\"[39m
                [33mdata-toggle[39m=[32m\\"false\\"[39m
                [33mdata-val[39m=[32m\\"in\\"[39m
                [33mrel[39m=[32m\\"tooltip\\"[39m
              [36m>[39m
                [36m<svg[39m
                  [33m[39m
                  [33mheight[39m=[32m\\"1em\\"[39m
                  [33mviewBox[39m=[32m\\"0 0 875 1000\\"[39m
                  [33mw[39m
                [36m>[39m
                  [36m<path[39m
                    [33md[39m=[32m\\"m1 787l0-875 875 0 0 875-875 0z m687-500l-187 0 0-187-125 0 0 187-188 0 0 125 188 0 0 187 125 0 0-187 187 0 0-125z\\"[39m
                    [33mtransform[39m=[32m\\"matrix(1 0 0 -1 0 850)\\"[39m
                  [36m/>[39m
                [36m</svg>[39m
              [36m</a>[39m
              [36m<a[39m
                [33m[39m
                [33mdata-attr[39m=[32m\\"zoom\\"[39m
                [33mdata-gravity[39m=[32m\\"n\\"[39m
                [33mdata-title[39m=[32m\\"Zoom out\\"[39m
                [33mdata-toggle[39m=[32m\\"false\\"[39m
                [33mdata-val[39m=[32m\\"out\\"[39m
                [33mrel[39m=[32m\\"tooltip\\"[39m
              [36m>[39m
                [36m<svg[39m
                  [33m[39m
                  [33mheight[39m=[32m\\"1em\\"[39m
                  [33mviewBox[39m=[32m\\"0 0 875 1000\\"[39m
                  [33mw[39m
                [36m>[39m
                  [36m<path[39m
                    [33md[39m=[32m\\"m0 788l0-876 875 0 0 876-875 0z m688-500l-500 0 0 125 500 0 0-125z\\"[39m
                    [33mtransform[39m=[32m\\"matrix(1 0 0 -1 0 850)\\"[39m
                  [36m/>[39m
                [36m</svg>[39m
              [36m</a>[39m
              [36m<a[39m
                [33m[39m
                [33mdata-attr[39m=[32m\\"zoom\\"[39m
                [33mdata-gravity[39m=[32m\\"n\\"[39m
                [33mdata-title[39m=[32m\\"Autoscale\\"[39m
                [33mdata-toggle[39m=[32m\\"false\\"[39m
                [33mdata-val[39m=[32m\\"auto\\"[39m
                [33mrel[39m=[32m\\"tooltip\\"[39m
              [36m>[39m
                [36m<svg[39m
                  [33m[39m
                  [33mheight[39m=[32m\\"1em\\"[39m
                  [33mviewBox[39m=[32m\\"0 0 1000 1000\\"[39m
                  [33mw[39m
                [36m>[39m
                  [36m<path[39m
                    [33md[39m=[32m\\"m250 850l-187 0-63 0 0-62 0-188 63 0 0 188 187 0 0 62z m688 0l-188 0 0-62 188 0 0-188 62 0 0 188 0 62-62 0z m-875-938l0 188-63 0 0-188 0-62 63 0 187 0 0 62-187 0z m875 188l0-188-188 0 0-62 188 0 62 0 0 62 0 188-62 0z m-125 188l-1 0-93-94-156 156 156 156 92-93 2 0 0 250-250 0 0-2 93-92-156-156-156 156 94 92 0 2-250 0 0-250 0 0 93 93 157-156-157-156-93 94 0 0 0-250 250 0 0 0-94 93 156 157 156-157-93-93 0 0 250 0 0 250z\\"[39m
                    [33mtransform[39m=[32m\\"matrix(1 0 0 -1 0 850)\\"[39m
                  [36m/>[39m
                [36m</svg>[39m
              [36m</a>[39m
              [36m<a[39m
                [33m[39m
                [33mdata-attr[39m=[32m\\"zoom\\"[39m
                [33mdata-gravity[39m=[32m\\"n\\"[39m
                [33mdata-title[39m=[32m\\"Reset axes\\"[39m
                [33mdata-toggle[39m=[32m\\"false\\"[39m
                [33mdata-val[39m=[32m\\"reset\\"[39m
                [33mrel[39m=[32m\\"tooltip\\"[39m
              [36m>[39m
                [36m<svg[39m
                  [33m[39m
                  [33mheight[39m=[32m\\"1em\\"[39m
                  [33mviewBox[39m=[32m\\"0 0 928.6 1000\\"[39m
                  [33mw[39m
                [36m>[39m
                  [36m<path[39m
                    [33md[39m=[32m\\"m786 296v-267q0-15-11-26t-25-10h-214v214h-143v-214h-214q-15 0-25 10t-11 26v267q0 1 0 2t0 2l321 264 321-264q1-1 1-4z m124 39l-34-41q-5-5-12-6h-2q-7 0-12 3l-386 322-386-322q-7-4-13-4-7 2-12 7l-35 41q-4 5-3 13t6 12l401 334q18 15 42 15t43-15l136-114v109q0 8 5 13t13 5h107q8 0 13-5t5-13v-227l122-102q5-5 6-12t-4-13z\\"[39m
                    [33mtransform[39m=[32m\\"matrix(1 0 0 -1 0 850)\\"[39m
                  [36m/>[39m
                [36m</svg>[39m
              [36m</a>[39m
            [36m</div>[39m
            [36m<div[39m
              [33m[39m
            [36m>[39m
              [36m<a[39m
                [33m[39m
                [33mdata-title[39m=[32m\\"Produced with Plotly\\"[39m
                [33mhref[39m=[32m\\"https://plotly.com/\\"[39m
                [33mtarget[39m=[32m\\"_blank\\"[39m
              [36m>[39m
                [36m<svg[39m
                  [33mheight[39m=[32m\\"1em\\"[39m
                  [33mviewBox[39m=[32m\\"0 0 132 132\\"[39m
                  [33mw[39m
                  [33mxmlns[39m=[32m\\"http://www.w3.org/2000/svg\\"[39m
                [36m>[39m
                  [36m<defs>[39m
                    [36m<style>[39m
                      [0m.cls-1 {fill: #3f4f75;} .cls-2 {fill: #80cfbe;} .cls-3 {fill: #fff;}[0m
                    [36m</style>[39m
                  [36m</defs>[39m
                  [36m<title>[39m
                    [0mplotly-logomark[0m
                  [36m</title>[39m
                  [36m<g[39m
                    [33m[39m
                  [36m>[39m
                    [36m<rect[39m
                      [33m[39m
                      [33mheight[39m=[32m\\"132\\"[39m
                      [33mrx[39m=[32m\\"6\\"[39m
                      [33mry[39m=[32m\\"6\\"[39m
                      [33mw[39m
                    [36m/>[39m
                    [36m<circle[39m
                      [33m[39m
                      [33mcx[39m=[32m\\"78\\"[39m
                      [33mcy[39m=[32m\\"54\\"[39m
                      [33mr[39m=[32m\\"6\\"[39m
                    [36m/>[39m
                    [36m<circle[39m
                      [33m[39m
                      [33mcx[39m=[32m\\"102\\"[39m
                      [33mcy[39m=[32m\\"30\\"[39m
                      [33mr[39m=[32m\\"6\\"[39m
                    [36m/>[39m
                    [36m<circle[39m
                      [33m[39m
                      [33mcx[39m=[32m\\"78\\"[39m
                      [33mcy[39m=[32m\\"30\\"[39m
                      [33mr[39m=[32m\\"6\\"[39m
                    [36m/>[39m
                    [36m<circle[39m
                      [33m[39m
                      [33mcx[39m=[32m\\"54\\"[39m
                      [33mcy[39m=[32m\\"30\\"[39m
                      [33mr[39m=[32m\\"6\\"[39m
                    [36m/>[39m
                    [36m<circle[39m
                      [33m[39m
                      [33mcx[39m=[32m\\"30\\"[39m
                      [33mcy[39m=[32m\\"30\\"[39m
                      [33mr[39m=[32m\\"6\\"[39m
                    [36m/>[39m
                    [36m<circle[39m
                      [33m[39m
                      [33mcx[39m=[32m\\"30\\"[39m
                      [33mcy[39m=[32m\\"54\\"[39m
                      [33mr[39m=[32m\\"6\\"[39m
                    [36m/>[39m
                    [36m<path[39m
                      [33m[39m
                      [33md[39m=[32m\\"M30,72a6,6,0,0,0-6,6v24a6,6,0,0,0,12,0V78A6,6,0,0,0,30,72Z\\"[39m
                    [36m/>[39m
                    [36m<path[39m
                      [33m[39m
                      [33md[39m=[32m\\"M78,72a6,6,0,0,0-6,6v24a6,6,0,0,0,12,0V78A6,6,0,0,0,78,72Z\\"[39m
                    [36m/>[39m
                    [36m<path[39m
                      [33m[39m
                      [33md[39m=[32m\\"M54,48a6,6,0,0,0-6,6v48a6,6,0,0,0,12,0V54A6,6,0,0,0,54,48Z\\"[39m
                    [36m/>[39m
                    [36m<path[39m
                      [33m[39m
                      [33md[39m=[32m\\"M102,48a6,6,0,0,0-6,6v48a6,6,0,0,0,12,0V54A6,6,0,0,0,102,48Z\\"[39m
                    [36m/>[39m
                  [36m</g>[39m
                [36m</svg>[39m
              [36m</a>[39m
            [36m</div>[39m
          [36m</div>[39m
        [36m</div>[39m
        [36m<svg[39m
          [33m[39m
          [33mheight[39m=[32m\\"450\\"[39m
          [33mw[39m
          [33mxmlns[39m=[32m\\"http://www.w3.org/2000/svg\\"[39m
          [33mxmlns:xlink[39m=[32m\\"http://www.w3.org/1999/xlink\\"[39m
        [36m>[39m
          [36m<g[39m
            [33m[39m
          [36m/>[39m
        [36m</svg>[39m
      [36m</div>[39m
    [36m</div>[39m
  [36m</div>[39m
[36m</div>[39m"
`;
