// Jest Snapshot v1, https://goo.gl/fbAQLP

exports[`renders as expected 1`] = `
<div>
  <div
    class="makeStyles-root-1"
  >
    <h4
      class="MuiTypography-root MuiTypography-h4 MuiTypography-gutterBottom"
    >
      Start designing your experiment
    </h4>
    <p
      class="MuiTypography-root MuiTypography-body2"
    >
      Our
       
      <a
        class="MuiTypography-root MuiLink-root MuiLink-underlineAlways MuiTypography-colorPrimary"
        target="_blank"
      >
        FieldGuide
      </a>
       
      is a great place to start, it will instruct you on how to
       
      <a
        class="MuiTypography-root MuiLink-root MuiLink-underlineAlways MuiTypography-colorPrimary"
        target="_blank"
      >
        design your experiment.
      </a>
      <br />
      <br />
    </p>
    <div
      class="makeStyles-row-2"
    >
      <div
        class="MuiFormControl-root MuiTextField-root MuiFormControl-fullWidth"
      >
        <label
          class="MuiFormLabel-root MuiInputLabel-root MuiInputLabel-formControl MuiInputLabel-animated MuiInputLabel-shrink MuiInputLabel-outlined Mui-required Mui-required"
          data-shrink="true"
          for="experiment.name"
          id="experiment.name-label"
        >
          Experiment name
          <span
            aria-hidden="true"
            class="MuiFormLabel-asterisk MuiInputLabel-asterisk"
          >
             
            *
          </span>
        </label>
        <div
          class="MuiInputBase-root MuiOutlinedInput-root MuiInputBase-fullWidth MuiInputBase-formControl"
        >
          <input
            aria-describedby="experiment.name-helper-text"
            aria-invalid="false"
            class="MuiInputBase-input MuiOutlinedInput-input"
            id="experiment.name"
            name="experiment.name"
            placeholder="experiment_name"
            required=""
            type="text"
            value=""
          />
          <fieldset
            aria-hidden="true"
            class="PrivateNotchedOutline-root-5 MuiOutlinedInput-notchedOutline"
          >
            <legend
              class="PrivateNotchedOutline-legendLabelled-7 PrivateNotchedOutline-legendNotched-8"
            >
              <span>
                Experiment name
                 *
              </span>
            </legend>
          </fieldset>
        </div>
        <p
          class="MuiFormHelperText-root MuiFormHelperText-contained Mui-required"
          id="experiment.name-helper-text"
        >
          Use snake_case.
        </p>
      </div>
    </div>
    <div
      class="makeStyles-row-2"
    >
      <div
        class="MuiFormControl-root MuiTextField-root MuiFormControl-fullWidth"
      >
        <label
          class="MuiFormLabel-root MuiInputLabel-root MuiInputLabel-formControl MuiInputLabel-animated MuiInputLabel-shrink MuiInputLabel-outlined Mui-required Mui-required"
          data-shrink="true"
          for="experiment.description"
          id="experiment.description-label"
        >
          Experiment description
          <span
            aria-hidden="true"
            class="MuiFormLabel-asterisk MuiInputLabel-asterisk"
          >
             
            *
          </span>
        </label>
        <div
          class="MuiInputBase-root MuiOutlinedInput-root MuiInputBase-fullWidth MuiInputBase-formControl MuiInputBase-multiline MuiOutlinedInput-multiline"
        >
          <textarea
            aria-describedby="experiment.description-helper-text"
            aria-invalid="false"
            class="MuiInputBase-input MuiOutlinedInput-input MuiInputBase-inputMultiline MuiOutlinedInput-inputMultiline"
            id="experiment.description"
            name="experiment.description"
            placeholder="Monthly vs. yearly pricing"
            required=""
            rows="4"
          />
          <fieldset
            aria-hidden="true"
            class="PrivateNotchedOutline-root-5 MuiOutlinedInput-notchedOutline"
          >
            <legend
              class="PrivateNotchedOutline-legendLabelled-7 PrivateNotchedOutline-legendNotched-8"
            >
              <span>
                Experiment description
                 *
              </span>
            </legend>
          </fieldset>
        </div>
        <p
          class="MuiFormHelperText-root MuiFormHelperText-contained Mui-required"
          id="experiment.description-helper-text"
        >
          State your hypothesis.
        </p>
      </div>
    </div>
    <div
      class="MuiPaper-root MuiAlert-root MuiAlert-standardWarning MuiPaper-elevation0"
      role="alert"
    >
      <div
        class="MuiAlert-icon"
      >
        <svg
          aria-hidden="true"
          class="MuiSvgIcon-root MuiSvgIcon-fontSizeInherit"
          focusable="false"
          viewBox="0 0 24 24"
        >
          <path
            d="M12 5.99L19.53 19H4.47L12 5.99M12 2L1 21h22L12 2zm1 14h-2v2h2v-2zm0-6h-2v4h2v-4z"
          />
        </svg>
      </div>
      <div
        class="MuiAlert-message"
      >
        Experiments are no longer schedulable, and must be started/stopped manually via the buttons on the experiment page.
      </div>
    </div>
    <div
      class="makeStyles-row-2"
    >
      <div
        aria-expanded="false"
        class="MuiAutocomplete-root MuiAutocomplete-fullWidth MuiAutocomplete-hasClearIcon MuiAutocomplete-hasPopupIcon"
        name="experiment.ownerLogin"
        role="combobox"
      >
        <div
          class="MuiFormControl-root MuiTextField-root MuiFormControl-fullWidth"
        >
          <label
            class="MuiFormLabel-root MuiInputLabel-root MuiInputLabel-formControl MuiInputLabel-animated MuiInputLabel-shrink MuiInputLabel-outlined Mui-required Mui-required"
            data-shrink="true"
            for="experiment.ownerLogin"
            id="experiment.ownerLogin-label"
          >
            Owner
            <span
              aria-hidden="true"
              class="MuiFormLabel-asterisk MuiInputLabel-asterisk"
            >
               
              *
            </span>
          </label>
          <div
            class="MuiInputBase-root MuiOutlinedInput-root MuiAutocomplete-inputRoot MuiInputBase-fullWidth MuiInputBase-formControl MuiInputBase-adornedStart MuiOutlinedInput-adornedStart MuiInputBase-adornedEnd MuiOutlinedInput-adornedEnd"
          >
            <div
              class="MuiInputAdornment-root MuiInputAdornment-positionStart"
            >
              <p
                class="MuiTypography-root MuiTypography-body1 MuiTypography-colorTextSecondary"
              >
                @
              </p>
            </div>
            <input
              aria-autocomplete="list"
              aria-describedby="experiment.ownerLogin-helper-text"
              aria-invalid="false"
              autocapitalize="none"
              autocomplete="off"
              class="MuiInputBase-input MuiOutlinedInput-input MuiAutocomplete-input MuiAutocomplete-inputFocused MuiInputBase-inputAdornedStart MuiOutlinedInput-inputAdornedStart MuiInputBase-inputAdornedEnd MuiOutlinedInput-inputAdornedEnd"
              id="experiment.ownerLogin"
              placeholder="wp_username"
              required=""
              spellcheck="false"
              type="text"
              value=""
            />
            <div
              class="MuiAutocomplete-endAdornment"
            >
              <button
                aria-label="Clear"
                class="MuiButtonBase-root MuiIconButton-root MuiAutocomplete-clearIndicator MuiAutocomplete-clearIndicatorDirty"
                tabindex="-1"
                title="Clear"
                type="button"
              >
                <span
                  class="MuiIconButton-label"
                >
                  <svg
                    aria-hidden="true"
                    class="MuiSvgIcon-root MuiSvgIcon-fontSizeSmall"
                    focusable="false"
                    viewBox="0 0 24 24"
                  >
                    <path
                      d="M19 6.41L17.59 5 12 10.59 6.41 5 5 6.41 10.59 12 5 17.59 6.41 19 12 13.41 17.59 19 19 17.59 13.41 12z"
                    />
                  </svg>
                </span>
                <span
                  class="MuiTouchRipple-root"
                />
              </button>
              <button
                aria-label="Open"
                class="MuiButtonBase-root MuiIconButton-root MuiAutocomplete-popupIndicator"
                tabindex="-1"
                title="Open"
                type="button"
              >
                <span
                  class="MuiIconButton-label"
                >
                  <svg
                    aria-hidden="true"
                    class="MuiSvgIcon-root"
                    focusable="false"
                    viewBox="0 0 24 24"
                  >
                    <path
                      d="M7 10l5 5 5-5z"
                    />
                  </svg>
                </span>
                <span
                  class="MuiTouchRipple-root"
                />
              </button>
            </div>
            <fieldset
              aria-hidden="true"
              class="PrivateNotchedOutline-root-5 MuiOutlinedInput-notchedOutline"
            >
              <legend
                class="PrivateNotchedOutline-legendLabelled-7 PrivateNotchedOutline-legendNotched-8"
              >
                <span>
                  Owner
                   *
                </span>
              </legend>
            </fieldset>
          </div>
          <p
            class="MuiFormHelperText-root MuiFormHelperText-contained Mui-required"
            id="experiment.ownerLogin-helper-text"
          >
            Use WordPress.com username.
          </p>
        </div>
      </div>
    </div>
    <div
      class="makeStyles-row-2"
    >
      <div
        class="MuiFormControl-root MuiTextField-root MuiFormControl-fullWidth"
      >
        <label
          class="MuiFormLabel-root MuiInputLabel-root MuiInputLabel-formControl MuiInputLabel-animated MuiInputLabel-shrink MuiInputLabel-outlined"
          data-shrink="true"
          for="experiment.p2Url"
          id="experiment.p2Url-label"
        >
          Your a8cexperiments P2 post URL
        </label>
        <div
          class="MuiInputBase-root MuiOutlinedInput-root MuiInputBase-fullWidth MuiInputBase-formControl"
        >
          <input
            aria-describedby="experiment.p2Url-helper-text"
            aria-invalid="false"
            class="MuiInputBase-input MuiOutlinedInput-input"
            id="experiment.p2Url"
            name="experiment.p2Url"
            placeholder="https://a8cexperiments.wordpress.com/your-experiment-url"
            type="text"
            value=""
          />
          <fieldset
            aria-hidden="true"
            class="PrivateNotchedOutline-root-5 MuiOutlinedInput-notchedOutline"
          >
            <legend
              class="PrivateNotchedOutline-legendLabelled-7 PrivateNotchedOutline-legendNotched-8"
            >
              <span>
                Your a8cexperiments P2 post URL
              </span>
            </legend>
          </fieldset>
        </div>
        <p
          class="MuiFormHelperText-root MuiFormHelperText-contained"
          id="experiment.p2Url-helper-text"
        >
          Optional for now, but a URL is required for experiment launch.
        </p>
      </div>
    </div>
    <div
      class="MuiPaper-root MuiAlert-root MuiAlert-standardInfo MuiPaper-elevation0"
      role="alert"
    >
      <div
        class="MuiAlert-icon"
      >
        <svg
          aria-hidden="true"
          class="MuiSvgIcon-root MuiSvgIcon-fontSizeInherit"
          focusable="false"
          viewBox="0 0 24 24"
        >
          <path
            d="M11,9H13V7H11M12,20C7.59,20 4,16.41 4,12C4,7.59 7.59,4 12,4C16.41,4 20,7.59 20, 12C20,16.41 16.41,20 12,20M12,2A10,10 0 0,0 2,12A10,10 0 0,0 12,22A10,10 0 0,0 22,12A10, 10 0 0,0 12,2M11,17H13V11H11V17Z"
          />
        </svg>
      </div>
      <div
        class="MuiAlert-message"
      >
        After submitting your experiment, Abacus will provide a pre-filled P2 experiment template in the Setup tab to get you started on
         
        <a
          class="MuiTypography-root MuiLink-root MuiLink-underlineAlways MuiTypography-colorPrimary"
          target="_blank"
        >
          experiment documentation
        </a>
        .
      </div>
    </div>
  </div>
</div>
`;
