// Jest Snapshot v1, https://goo.gl/fbAQLP

exports[`MetricAssignmentResults renders an appropriate message with no analyses 1`] = `
<div>
  <div
    class="makeStyles-root-22"
  >
    <h5
      class="MuiTypography-root MuiTypography-h5 MuiTypography-gutterBottom"
    >
       
      No Analysis Data Found:
       
    </h5>
    <ul>
      <li
        class="MuiTypography-root MuiTypography-body1"
      >
         
        It can take 24-48 hours for analysis data to be generated.
         
      </li>
      <li
        class="MuiTypography-root MuiTypography-body1"
      >
         
        Analysis data can also be missing if the event or billing-product isn't being hit.
      </li>
    </ul>
  </div>
</div>
`;
