// Jest Snapshot v1, https://goo.gl/fbAQLP

exports[`renders as expected 1`] = `
<div>
  <div
    class="MuiPaper-root makeStyles-root-1 MuiPaper-elevation1 MuiPaper-rounded"
  >
    <h4
      class="MuiTypography-root MuiTypography-h4"
    >
      Experiment Code Setup
    </h4>
    <br />
    <p
      class="MuiTypography-root MuiTypography-body1"
    >
      See
       
      <a
        class="MuiTypography-root MuiLink-root MuiLink-underlineAlways MuiTypography-colorPrimary"
        href="https://fieldguide.automattic.com/the-experimentation-platform/implement-code/"
        rel="noopener noreferrer"
        target="_blank"
      >
        the wiki
      </a>
       
      for platform-specific instructions.
    </p>
    <br />
    <p
      class="MuiTypography-root MuiTypography-body1"
    >
      When testing manually, note that 
      <strong>
        changes may take up to ten minutes to propagate
      </strong>
       due to
       
      <a
        class="MuiTypography-root MuiLink-root MuiLink-underlineAlways MuiTypography-colorPrimary"
        href="https://fieldguide.automattic.com/the-experimentation-platform/experiment-assignment-groups/#logged-out-homepage-assignments-use-file-system-cache"
        rel="noopener noreferrer"
        target="_blank"
      >
        the file system assignment cache
      </a>
      . As specified in the FieldGuide, you will need to run 
      <code
        class="MuiTypography-root makeStyles-root-2 MuiTypography-body1"
      >
        svn up
      </code>
       to update your sandbox copy of the cache to reflect the latest changes.
    </p>
  </div>
</div>
`;
